6.0
1.0
1.8708286933869707
1.5275252316519468
0.6324555320336759
